// Jest Snapshot v1, https://goo.gl/fbAQLP

exports[`Details Page should render the component 1`] = `ReactWrapper {}`;
